This is pdfTeX, Version 3.141592653-2.6-1.40.29 (TeX Live 2026) (preloaded format=pdflatex 2026.5.31)  8 JUN 2026 15:11
entering extended mode
 restricted \write18 enabled.
 %&-line parsing enabled.
**docs.tex
(./docs.tex
LaTeX2e <2025-11-01>
L3 programming layer <2026-05-15>
(/usr/local/texlive/2026basic/texmf-dist/tex/latex/base/article.cls
Document Class: article 2025/01/22 v1.4n Standard LaTeX document class
(/usr/local/texlive/2026basic/texmf-dist/tex/latex/base/size12.clo
File: size12.clo 2025/01/22 v1.4n Standard LaTeX file (size option)
)
\c@part=\count276
\c@section=\count277
\c@subsection=\count278
\c@subsubsection=\count279
\c@paragraph=\count280
\c@subparagraph=\count281
\c@figure=\count282
\c@table=\count283
\abovecaptionskip=\skip49
\belowcaptionskip=\skip50
\bibindent=\dimen150
)
(/usr/local/texlive/2026basic/texmf-dist/tex/latex/base/inputenc.sty
Package: inputenc 2024/02/08 v1.3d Input encoding file
\inpenc@prehook=\toks17
\inpenc@posthook=\toks18
)
(/usr/local/texlive/2026basic/texmf-dist/tex/latex/geometry/geometry.sty
Package: geometry 2026/03/07 v6.0 Page Geometry

(/usr/local/texlive/2026basic/texmf-dist/tex/latex/graphics/keyval.sty
Package: keyval 2022/05/29 v1.15 key=value parser (DPC)
\KV@toks@=\toks19
)
(/usr/local/texlive/2026basic/texmf-dist/tex/generic/iftex/ifvtex.sty
Package: ifvtex 2019/10/25 v1.7 ifvtex legacy package. Use iftex instead.

(/usr/local/texlive/2026basic/texmf-dist/tex/generic/iftex/iftex.sty
Package: iftex 2024/12/12 v1.0g TeX engine tests
))
\Gm@cnth=\count284
\Gm@cntv=\count285
\c@Gm@tempcnt=\count286
\Gm@bindingoffset=\dimen151
\Gm@wd@mp=\dimen152
\Gm@odd@mp=\dimen153
\Gm@even@mp=\dimen154
\Gm@layoutwidth=\dimen155
\Gm@layoutheight=\dimen156
\Gm@layouthoffset=\dimen157
\Gm@layoutvoffset=\dimen158
\Gm@dimlist=\toks20
)
(/usr/local/texlive/2026basic/texmf-dist/tex/latex/graphics/graphicx.sty
Package: graphicx 2024/12/31 v1.2e Enhanced LaTeX Graphics (DPC,SPQR)

(/usr/local/texlive/2026basic/texmf-dist/tex/latex/graphics/graphics.sty
Package: graphics 2024/08/06 v1.4g Standard LaTeX Graphics (DPC,SPQR)

(/usr/local/texlive/2026basic/texmf-dist/tex/latex/graphics/trig.sty
Package: trig 2023/12/02 v1.11 sin cos tan (DPC)
)
(/usr/local/texlive/2026basic/texmf-dist/tex/latex/graphics-cfg/graphics.cfg
File: graphics.cfg 2016/06/04 v1.11 sample graphics configuration
)
Package graphics Info: Driver file: pdftex.def on input line 106.

(/usr/local/texlive/2026basic/texmf-dist/tex/latex/graphics-def/pdftex.def
File: pdftex.def 2025/09/29 v1.2d Graphics/color driver for pdftex
))
\Gin@req@height=\dimen159
\Gin@req@width=\dimen160
)
(/usr/local/texlive/2026basic/texmf-dist/tex/latex/hyperref/hyperref.sty
Package: hyperref 2026-04-24 v7.01q Hypertext links for LaTeX

(/usr/local/texlive/2026basic/texmf-dist/tex/latex/kvsetkeys/kvsetkeys.sty
Package: kvsetkeys 2022-10-05 v1.19 Key value parser (HO)
)
(/usr/local/texlive/2026basic/texmf-dist/tex/generic/kvdefinekeys/kvdefinekeys.
sty
Package: kvdefinekeys 2019-12-19 v1.6 Define keys (HO)
)
(/usr/local/texlive/2026basic/texmf-dist/tex/generic/pdfescape/pdfescape.sty
Package: pdfescape 2019/12/09 v1.15 Implements pdfTeX's escape features (HO)

(/usr/local/texlive/2026basic/texmf-dist/tex/generic/ltxcmds/ltxcmds.sty
Package: ltxcmds 2023-12-04 v1.26 LaTeX kernel commands for general use (HO)
)
(/usr/local/texlive/2026basic/texmf-dist/tex/generic/pdftexcmds/pdftexcmds.sty
Package: pdftexcmds 2020-06-27 v0.33 Utility functions of pdfTeX for LuaTeX (HO
)

(/usr/local/texlive/2026basic/texmf-dist/tex/generic/infwarerr/infwarerr.sty
Package: infwarerr 2019/12/03 v1.5 Providing info/warning/error messages (HO)
)
Package pdftexcmds Info: \pdf@primitive is available.
Package pdftexcmds Info: \pdf@ifprimitive is available.
Package pdftexcmds Info: \pdfdraftmode found.
)) (/usr/local/texlive/2026basic/texmf-dist/tex/latex/hycolor/hycolor.sty
Package: hycolor 2020-01-27 v1.10 Color options for hyperref/bookmark (HO)
)
(/usr/local/texlive/2026basic/texmf-dist/tex/latex/hyperref/nameref.sty
Package: nameref 2026-01-29 v2.58 Cross-referencing by name of section

(/usr/local/texlive/2026basic/texmf-dist/tex/latex/refcount/refcount.sty
Package: refcount 2019/12/15 v3.6 Data extraction from label references (HO)
)
(/usr/local/texlive/2026basic/texmf-dist/tex/generic/gettitlestring/gettitlestr
ing.sty
Package: gettitlestring 2019/12/15 v1.6 Cleanup title references (HO)

(/usr/local/texlive/2026basic/texmf-dist/tex/latex/kvoptions/kvoptions.sty
Package: kvoptions 2022-06-15 v3.15 Key value format for package options (HO)
))
\c@section@level=\count287
)
(/usr/local/texlive/2026basic/texmf-dist/tex/latex/etoolbox/etoolbox.sty
Package: etoolbox 2025/10/02 v2.5m e-TeX tools for LaTeX (JAW)
\etb@tempcnta=\count288
)
(/usr/local/texlive/2026basic/texmf-dist/tex/generic/stringenc/stringenc.sty
Package: stringenc 2019/11/29 v1.12 Convert strings between diff. encodings (HO
)
)
\@linkdim=\dimen161
\Hy@linkcounter=\count289
\Hy@pagecounter=\count290

(/usr/local/texlive/2026basic/texmf-dist/tex/latex/hyperref/pd1enc.def
File: pd1enc.def 2026-04-24 v7.01q Hyperref: PDFDocEncoding definition (HO)
Now handling font encoding PD1 ...
... no UTF-8 mapping file for font encoding PD1
)
(/usr/local/texlive/2026basic/texmf-dist/tex/generic/intcalc/intcalc.sty
Package: intcalc 2019/12/15 v1.3 Expandable calculations with integers (HO)
)
\Hy@SavedSpaceFactor=\count291

(/usr/local/texlive/2026basic/texmf-dist/tex/latex/hyperref/puenc.def
File: puenc.def 2026-04-24 v7.01q Hyperref: PDF Unicode definition (HO)
Now handling font encoding PU ...
... no UTF-8 mapping file for font encoding PU
)
Package hyperref Info: Hyper figures OFF on input line 4199.
Package hyperref Info: Link nesting OFF on input line 4204.
Package hyperref Info: Hyper index ON on input line 4207.
Package hyperref Info: Plain pages OFF on input line 4214.
Package hyperref Info: Backreferencing OFF on input line 4219.
Package hyperref Info: Implicit mode ON; LaTeX internals redefined.
Package hyperref Info: Bookmarks ON on input line 4466.
\c@Hy@tempcnt=\count292

(/usr/local/texlive/2026basic/texmf-dist/tex/latex/url/url.sty
\Urlmuskip=\muskip17
Package: url 2013/09/16  ver 3.4  Verb mode for urls, etc.
)
LaTeX Info: Redefining \url on input line 4805.
\XeTeXLinkMargin=\dimen162

(/usr/local/texlive/2026basic/texmf-dist/tex/generic/bitset/bitset.sty
Package: bitset 2019/12/09 v1.3 Handle bit-vector datatype (HO)

(/usr/local/texlive/2026basic/texmf-dist/tex/generic/bigintcalc/bigintcalc.sty
Package: bigintcalc 2019/12/15 v1.5 Expandable calculations on big integers (HO
)
))
\Fld@menulength=\count293
\Field@Width=\dimen163
\Fld@charsize=\dimen164
Package hyperref Info: Hyper figures OFF on input line 6091.
Package hyperref Info: Link nesting OFF on input line 6096.
Package hyperref Info: Hyper index ON on input line 6099.
Package hyperref Info: backreferencing OFF on input line 6106.
Package hyperref Info: Link coloring OFF on input line 6111.
Package hyperref Info: Link coloring with OCG OFF on input line 6116.
Package hyperref Info: PDF/A mode OFF on input line 6121.
\Hy@abspage=\count294
\c@Item=\count295
\c@Hfootnote=\count296
)
Package hyperref Info: Driver (autodetected): hpdftex.
 (/usr/local/texlive/2026basic/texmf-dist/tex/latex/hyperref/hpdftex.def
File: hpdftex.def 2026-04-24 v7.01q Hyperref driver for pdfTeX
\Fld@listcount=\count297
\c@bookmark@seq@number=\count298

(/usr/local/texlive/2026basic/texmf-dist/tex/latex/rerunfilecheck/rerunfilechec
k.sty
Package: rerunfilecheck 2025-06-21 v1.11 Rerun checks for auxiliary files (HO)

(/usr/local/texlive/2026basic/texmf-dist/tex/generic/uniquecounter/uniquecounte
r.sty
Package: uniquecounter 2019/12/15 v1.4 Provide unlimited unique counter (HO)
)
Package uniquecounter Info: New unique counter `rerunfilecheck' on input line 2
84.
)
\Hy@SectionHShift=\skip51
)
(/usr/local/texlive/2026basic/texmf-dist/tex/latex/booktabs/booktabs.sty
Package: booktabs 2020/01/12 v1.61803398 Publication quality tables
\heavyrulewidth=\dimen165
\lightrulewidth=\dimen166
\cmidrulewidth=\dimen167
\belowrulesep=\dimen168
\belowbottomsep=\dimen169
\aboverulesep=\dimen170
\abovetopsep=\dimen171
\cmidrulesep=\dimen172
\cmidrulekern=\dimen173
\defaultaddspace=\dimen174
\@cmidla=\count299
\@cmidlb=\count300
\@aboverulesep=\dimen175
\@belowrulesep=\dimen176
\@thisruleclass=\count301
\@lastruleclass=\count302
\@thisrulewidth=\dimen177
)
(/usr/local/texlive/2026basic/texmf-dist/tex/latex/float/float.sty
Package: float 2001/11/08 v1.3d Float enhancements (AL)
\c@float@type=\count303
\float@exts=\toks21
\float@box=\box53
\@float@everytoks=\toks22
\@floatcapt=\box54
)
(/usr/local/texlive/2026basic/texmf-dist/tex/latex/caption/caption.sty
Package: caption 2023/08/05 v3.6o Customizing captions (AR)

(/usr/local/texlive/2026basic/texmf-dist/tex/latex/caption/caption3.sty
Package: caption3 2023/07/31 v2.4d caption3 kernel (AR)
\caption@tempdima=\dimen178
\captionmargin=\dimen179
\caption@leftmargin=\dimen180
\caption@rightmargin=\dimen181
\caption@width=\dimen182
\caption@indent=\dimen183
\caption@parindent=\dimen184
\caption@hangindent=\dimen185
Package caption Info: Standard document class detected.
)
\c@caption@flags=\count304
\c@continuedfloat=\count305
Package caption Info: float package is loaded.
Package caption Info: hyperref package is loaded.
)
(/usr/local/texlive/2026basic/texmf-dist/tex/latex/l3backend/l3backend-pdftex.d
ef
File: l3backend-pdftex.def 2026-02-18 L3 backend support: PDF output (pdfTeX)
\l__color_backend_stack_int=\count306
) (./docs.aux)
\openout1 = `docs.aux'.

LaTeX Font Info:    Checking defaults for OML/cmm/m/it on input line 14.
LaTeX Font Info:    ... okay on input line 14.
LaTeX Font Info:    Checking defaults for OMS/cmsy/m/n on input line 14.
LaTeX Font Info:    ... okay on input line 14.
LaTeX Font Info:    Checking defaults for OT1/cmr/m/n on input line 14.
LaTeX Font Info:    ... okay on input line 14.
LaTeX Font Info:    Checking defaults for T1/cmr/m/n on input line 14.
LaTeX Font Info:    ... okay on input line 14.
LaTeX Font Info:    Checking defaults for TS1/cmr/m/n on input line 14.
LaTeX Font Info:    ... okay on input line 14.
LaTeX Font Info:    Checking defaults for OMX/cmex/m/n on input line 14.
LaTeX Font Info:    ... okay on input line 14.
LaTeX Font Info:    Checking defaults for U/cmr/m/n on input line 14.
LaTeX Font Info:    ... okay on input line 14.
LaTeX Font Info:    Checking defaults for PD1/pdf/m/n on input line 14.
LaTeX Font Info:    ... okay on input line 14.
LaTeX Font Info:    Checking defaults for PU/pdf/m/n on input line 14.
LaTeX Font Info:    ... okay on input line 14.

*geometry* driver: auto-detecting
*geometry* detected driver: pdftex
*geometry* verbose mode - [ preamble ] result:
* driver: pdftex
* paper: a4paper
* layout: <same size as paper>
* layoutoffset:(h,v)=(0.0pt,0.0pt)
* modes: 
* h-part:(L,W,R)=(72.26999pt, 452.9679pt, 72.26999pt)
* v-part:(T,H,B)=(72.26999pt, 700.50687pt, 72.26999pt)
* \paperwidth=597.50787pt
* \paperheight=845.04684pt
* \textwidth=452.9679pt
* \textheight=700.50687pt
* \oddsidemargin=0.0pt
* \evensidemargin=0.0pt
* \topmargin=-37.0pt
* \headheight=12.0pt
* \headsep=25.0pt
* \topskip=12.0pt
* \footskip=30.0pt
* \marginparwidth=35.0pt
* \marginparsep=10.0pt
* \columnsep=10.0pt
* \skip\footins=10.8pt plus 4.0pt minus 2.0pt
* \hoffset=0.0pt
* \voffset=0.0pt
* \mag=1000
* \@twocolumnfalse
* \@twosidefalse
* \@mparswitchfalse
* \@reversemarginfalse
* (1in=72.27pt=25.4mm, 1cm=28.453pt)

(/usr/local/texlive/2026basic/texmf-dist/tex/context/base/mkii/supp-pdf.mkii
[Loading MPS to PDF converter (version 2006.09.02).]
\scratchcounter=\count307
\scratchdimen=\dimen186
\scratchbox=\box55
\nofMPsegments=\count308
\nofMParguments=\count309
\everyMPshowfont=\toks23
\MPscratchCnt=\count310
\MPscratchDim=\dimen187
\MPnumerator=\count311
\makeMPintoPDFobject=\count312
\everyMPtoPDFconversion=\toks24
)
(/usr/local/texlive/2026basic/texmf-dist/tex/latex/epstopdf-pkg/epstopdf-base.s
ty
Package: epstopdf-base 2020-01-24 v2.11 Base part for package epstopdf
Package epstopdf-base Info: Redefining graphics rule for `.eps' on input line 4
85.

(/usr/local/texlive/2026basic/texmf-dist/tex/latex/latexconfig/epstopdf-sys.cfg
File: epstopdf-sys.cfg 2010/07/13 v1.3 Configuration of (r)epstopdf for TeX Liv
e
))
Package hyperref Info: Link coloring OFF on input line 14.
 (./docs.out) (./docs.out)
\@outlinefile=\write3
\openout3 = `docs.out'.

Package caption Info: Begin \AtBeginDocument code.
Package caption Info: End \AtBeginDocument code.
 [1

{/usr/local/texlive/2026basic/texmf-var/fonts/map/pdftex/updmap/pdftex.map}]
pdfTeX warning (ext4): destination with the same identifier (name{page.1}) has 
been already used, duplicate ignored
<to be read again> 
                   \relax 
l.52 \newpage
              [1] (./docs.toc
LaTeX Font Info:    External font `cmex10' loaded for size
(Font)              <12> on input line 2.
LaTeX Font Info:    External font `cmex10' loaded for size
(Font)              <8> on input line 2.
LaTeX Font Info:    External font `cmex10' loaded for size
(Font)              <6> on input line 2.
)
\tf@toc=\write4
\openout4 = `docs.toc'.

 [2] [3{/usr/local/texlive/2026basic/texmf-dist/fonts/enc/dvips/cm-super/cm-sup
er-ts1.enc}] [4]
<images/deployment_diagram.png, id=230, 4519.88625pt x 3034.33624pt>
File: images/deployment_diagram.png Graphic file (type png)
<use images/deployment_diagram.png>
Package pdftex.def Info: images/deployment_diagram.png  used on input line 113.

(pdftex.def)             Requested size: 317.07614pt x 212.84193pt.
<images/supabase_erd.png, id=232, 616.3025pt x 632.3625pt>
File: images/supabase_erd.png Graphic file (type png)
<use images/supabase_erd.png>
Package pdftex.def Info: images/supabase_erd.png  used on input line 130.
(pdftex.def)             Requested size: 407.66833pt x 418.29651pt.
 [5 <./images/deployment_diagram.png>]
<images/neo4j_schema.png, id=239, 357.335pt x 327.2225pt>
File: images/neo4j_schema.png Graphic file (type png)
<use images/neo4j_schema.png>
Package pdftex.def Info: images/neo4j_schema.png  used on input line 140.
(pdftex.def)             Requested size: 362.37569pt x 331.8552pt.
 [6 <./images/supabase_erd.png>]
<images/use_case.png, id=247, 755.82375pt x 643.40375pt>
File: images/use_case.png Graphic file (type png)
<use images/use_case.png>
Package pdftex.def Info: images/use_case.png  used on input line 154.
(pdftex.def)             Requested size: 452.9679pt x 385.59361pt.
 [7 <./images/neo4j_schema.png>]
<images/class_diagram.png, id=254, 762.85pt x 961.5925pt>
File: images/class_diagram.png Graphic file (type png)
<use images/class_diagram.png>
Package pdftex.def Info: images/class_diagram.png  used on input line 164.
(pdftex.def)             Requested size: 452.9679pt x 570.9735pt.
 [8 <./images/use_case.png>]
<images/sequence_diagram.png, id=261, 8222.72pt x 4258.91125pt>
File: images/sequence_diagram.png Graphic file (type png)
<use images/sequence_diagram.png>
Package pdftex.def Info: images/sequence_diagram.png  used on input line 174.
(pdftex.def)             Requested size: 385.02547pt x 199.37604pt.
 [9 <./images/class_diagram.png>]
<images/dfd.png, id=268, 677.53125pt x 1406.25375pt>
File: images/dfd.png Graphic file (type png)
<use images/dfd.png>
Package pdftex.def Info: images/dfd.png  used on input line 184.
(pdftex.def)             Requested size: 253.12247pt x 525.36975pt.
 [10 <./images/sequence_diagram.png>]
LaTeX Font Info:    Font shape `OT1/cmtt/bx/n' in size <12> not available
(Font)              Font shape `OT1/cmtt/m/n' tried instead on input line 195.
 [11 <./images/dfd.png>] [12]
<images/tools/legend.png, id=286, 275.0275pt x 128.48pt>
File: images/tools/legend.png Graphic file (type png)
<use images/tools/legend.png>
Package pdftex.def Info: images/tools/legend.png  used on input line 245.
(pdftex.def)             Requested size: 158.54665pt x 74.06558pt.
<images/tools/year-dropdown.png, id=287, 128.48pt x 452.69125pt>
File: images/tools/year-dropdown.png Graphic file (type png)
<use images/tools/year-dropdown.png>
Package pdftex.def Info: images/tools/year-dropdown.png  used on input line 262
.
(pdftex.def)             Requested size: 29.82031pt x 105.07002pt.
<images/tools/battle-type-dropdown.png, id=288, 145.54375pt x 89.33376pt>
File: images/tools/battle-type-dropdown.png Graphic file (type png)
<use images/tools/battle-type-dropdown.png>
Package pdftex.def Info: images/tools/battle-type-dropdown.png  used on input l
ine 264.
(pdftex.def)             Requested size: 113.24384pt x 69.50829pt.
 [13 <./images/tools/legend.png>]
<images/tools/emcee-filter.png, id=297, 272.01625pt x 358.33875pt>
File: images/tools/emcee-filter.png Graphic file (type png)
<use images/tools/emcee-filter.png>
Package pdftex.def Info: images/tools/emcee-filter.png  used on input line 271.

(pdftex.def)             Requested size: 132.94046pt x 175.12822pt.
<images/home.png, id=298, 1688.3075pt x 1001.7425pt>
File: images/home.png Graphic file (type png)
<use images/home.png>
Package pdftex.def Info: images/home.png  used on input line 281.
(pdftex.def)             Requested size: 407.64941pt x 241.87521pt.

[14 <./images/tools/year-dropdown.png> <./images/tools/battle-type-dropdown.png
> <./images/tools/emcee-filter.png>]
<images/2024_nodes-by-battles.png, id=308, 1688.3075pt x 1001.7425pt>
File: images/2024_nodes-by-battles.png Graphic file (type png)
<use images/2024_nodes-by-battles.png>
Package pdftex.def Info: images/2024_nodes-by-battles.png  used on input line 2
88.
(pdftex.def)             Requested size: 407.64941pt x 241.87521pt.
<images/2024_nodes-by-views.png, id=309, 1688.3075pt x 1001.7425pt>
File: images/2024_nodes-by-views.png Graphic file (type png)
<use images/2024_nodes-by-views.png>
Package pdftex.def Info: images/2024_nodes-by-views.png  used on input line 295
.
(pdftex.def)             Requested size: 407.64941pt x 241.87521pt.
 [15 <./images/home.png> <./images/2024_nodes-by-battles.png>]
<images/emcee.png, id=316, 1688.3075pt x 1001.7425pt>
File: images/emcee.png Graphic file (type png)
<use images/emcee.png>
Package pdftex.def Info: images/emcee.png  used on input line 305.
(pdftex.def)             Requested size: 407.64941pt x 241.87521pt.
<images/battle.png, id=317, 1688.3075pt x 1001.7425pt>
File: images/battle.png Graphic file (type png)
<use images/battle.png>
Package pdftex.def Info: images/battle.png  used on input line 312.
(pdftex.def)             Requested size: 407.64941pt x 241.87521pt.
 [16 <./images/2024_nodes-by-views.png> <./images/emcee.png>]
<images/tools/mobile/Screenshot_20260607-092514.png, id=324, 1084.05pt x 2409.0
pt>
File: images/tools/mobile/Screenshot_20260607-092514.png Graphic file (type png
)
<use images/tools/mobile/Screenshot_20260607-092514.png>
Package pdftex.def Info: images/tools/mobile/Screenshot_20260607-092514.png  us
ed on input line 322.
(pdftex.def)             Requested size: 135.89174pt x 301.9697pt.
<images/tools/mobile/Screenshot_20260607-092546.png, id=325, 1084.05pt x 2409.0
pt>
File: images/tools/mobile/Screenshot_20260607-092546.png Graphic file (type png
)
<use images/tools/mobile/Screenshot_20260607-092546.png>
Package pdftex.def Info: images/tools/mobile/Screenshot_20260607-092546.png  us
ed on input line 324.
(pdftex.def)             Requested size: 135.89174pt x 301.9697pt.
<images/tools/mobile/Screenshot_20260607-092603.png, id=326, 1084.05pt x 2409.0
pt>
File: images/tools/mobile/Screenshot_20260607-092603.png Graphic file (type png
)
<use images/tools/mobile/Screenshot_20260607-092603.png>
Package pdftex.def Info: images/tools/mobile/Screenshot_20260607-092603.png  us
ed on input line 326.
(pdftex.def)             Requested size: 135.89174pt x 301.9697pt.
 [17 <./images/battle.png>]
<images/auth.png, id=332, 1688.3075pt x 1001.7425pt>
File: images/auth.png Graphic file (type png)
<use images/auth.png>
Package pdftex.def Info: images/auth.png  used on input line 336.
(pdftex.def)             Requested size: 295.1491pt x 175.12413pt.
<images/admin_emcees.png, id=333, 1688.3075pt x 1001.7425pt>
File: images/admin_emcees.png Graphic file (type png)
<use images/admin_emcees.png>
Package pdftex.def Info: images/admin_emcees.png  used on input line 342.
(pdftex.def)             Requested size: 295.1491pt x 175.12413pt.
<images/admin_battles.png, id=334, 1688.3075pt x 1001.7425pt>
File: images/admin_battles.png Graphic file (type png)
<use images/admin_battles.png>
Package pdftex.def Info: images/admin_battles.png  used on input line 348.
(pdftex.def)             Requested size: 295.1491pt x 175.12413pt.
 [18 <./images/tools/mobile/Screenshot_20260607-092514.png> <./images/tools/mob
ile/Screenshot_20260607-092546.png> <./images/tools/mobile/Screenshot_20260607-
092603.png>] [19 <./images/auth.png> <./images/admin_emcees.png> <./images/admi
n_battles.png>]
Overfull \hbox (4.12193pt too wide) in paragraph at lines 381--382
[]\OT1/cmr/m/it/12 Judging Bias Anal-y-sis: \OT1/cmr/m/n/12 In-tro-duc-ing ''Ju
dge'' nodes con-nected via \OT1/cmr/m/it/12 VOTED[]FOR
 []

[20] [21] [22] (./docs.aux)
 ***********
LaTeX2e <2025-11-01>
L3 programming layer <2026-05-15>
 ***********
Package rerunfilecheck Info: File `docs.out' has not changed.
(rerunfilecheck)             Checksum: 615400695CA5BDA49B3C3020724F112F;6966.
 ) 
Here is how much of TeX's memory you used:
 10723 strings out of 468821
 175656 string characters out of 5451170
 595307 words of memory out of 5000000
 39422 multiletter control sequences out of 15000+600000
 634341 words of font info for 62 fonts, out of 8000000 for 9000
 319 hyphenation exceptions out of 8191
 75i,6n,79p,773b,575s stack positions out of 10000i,1000n,20000p,200000b,200000s
</usr/local/texlive/2026basic/texmf-dist/fonts/type1/public/amsfonts/cm/cmbx1
0.pfb></usr/local/texlive/2026basic/texmf-dist/fonts/type1/public/amsfonts/cm/c
mbx12.pfb></usr/local/texlive/2026basic/texmf-dist/fonts/type1/public/amsfonts/
cm/cmr10.pfb></usr/local/texlive/2026basic/texmf-dist/fonts/type1/public/amsfon
ts/cm/cmr12.pfb></usr/local/texlive/2026basic/texmf-dist/fonts/type1/public/ams
fonts/cm/cmr17.pfb></usr/local/texlive/2026basic/texmf-dist/fonts/type1/public/
amsfonts/cm/cmti12.pfb></usr/local/texlive/2026basic/texmf-dist/fonts/type1/pub
lic/amsfonts/cm/cmtt12.pfb></usr/local/texlive/2026basic/texmf-dist/fonts/type1
/public/cm-super/sfrm1200.pfb>
Output written on docs.pdf (23 pages, 6258918 bytes).
PDF statistics:
 438 PDF objects out of 1000 (max. 8388607)
 360 compressed objects within 4 object streams
 91 named destinations out of 1000 (max. 500000)
 415 words of extra memory for PDF output out of 10000 (max. 10000000)

